00:00 +0: loading C:/Users/suzen/OneDrive/Desktop/android/TheVoidProtocol/the_void_protocol/test/domain/usecases/cost_calculator_test.dart
00:00 +0 -1: loading C:/Users/suzen/OneDrive/Desktop/android/TheVoidProtocol/the_void_protocol/test/domain/usecases/pipeline_calculator_test.dart [E]
  Failed to load "C:/Users/suzen/OneDrive/Desktop/android/TheVoidProtocol/the_void_protocol/test/domain/usecases/pipeline_calculator_test.dart":
  Compilation failed for testPath=C:/Users/suzen/OneDrive/Desktop/android/TheVoidProtocol/the_void_protocol/test/domain/usecases/pipeline_calculator_test.dart: lib/domain/entities/tech_tree.dart:7:7: Error: The non-abstract class 'TechTree' is missing implementations for these members:
   - _$TechTree.autoPurgeUnlocked
   - _$TechTree.destructiveWillUnlocked
   - _$TechTree.echoSynergyUnlocked
   - _$TechTree.equilibriumDestructionUnlocked
   - _$TechTree.ethicsCoreUnlocked
   - _$TechTree.infiniteLoopUnlocked
   - _$TechTree.memoryRestorationUnlocked
   - _$TechTree.perfectIsolationUnlocked
   - _$TechTree.quantumOverclockUnlocked
   - _$TechTree.quantumSleepUnlocked
   - _$TechTree.resonanceCoreUnlocked
   - _$TechTree.toJson
   - _$TechTree.voiceOfHumanityUnlocked
  Try to either
   - provide an implementation,
   - inherit an implementation from a superclass or mixin,
   - mark the class as abstract, or
   - provide a 'noSuchMethod' implementation.
  class TechTree with _$TechTree {
        ^^^^^^^^
  lib/domain/entities/tech_tree.freezed.dart:19:108: Context: '_$TechTree.autoPurgeUnlocked' is defined here.
   bool get quantumSleepUnlocked; bool get perfectIsolationUnlocked; bool get infiniteLoopUnlocked; bool get autoPurgeUnlocked;// Cognitive Empathy (Active)
                                                                                                             ^^^^^^^^^^^^^^^^^
  lib/domain/entities/tech_tree.freezed.dart:21:119: Context: '_$TechTree.destructiveWillUnlocked' is defined here.
   bool get equilibriumDestructionUnlocked; bool get resonanceCoreUnlocked; bool get quantumOverclockUnlocked; bool get destructiveWillUnlocked;
                                                                                                                        ^^^^^^^^^^^^^^^^^^^^^^^
  lib/domain/entities/tech_tree.freezed.dart:20:45: Context: '_$TechTree.echoSynergyUnlocked' is defined here.
   bool get voiceOfHumanityUnlocked; bool get echoSynergyUnlocked; bool get memoryRestorationUnlocked; bool get ethicsCoreUnlocked;// Entropy Manipulation (Risk)
                                              ^^^^^^^^^^^^^^^^^^^
  lib/domain/entities/tech_tree.freezed.dart:21:11: Context: '_$TechTree.equilibriumDestructionUnlocked' is defined here.
   bool get equilibriumDestructionUnlocked; bool get resonanceCoreUnlocked; bool get quantumOverclockUnlocked; bool get destructiveWillUnlocked;
            ^^^^^^^^^^^^^^^^^^^^^^^^^^^^^^
  lib/domain/entities/tech_tree.freezed.dart:20:111: Context: '_$TechTree.ethicsCoreUnlocked' is defined here.
   bool get voiceOfHumanityUnlocked; bool get echoSynergyUnlocked; bool get memoryRestorationUnlocked; bool get ethicsCoreUnlocked;// Entropy Manipulation (Risk)
                                                                                                                ^^^^^^^^^^^^^^^^^^
  lib/domain/entities/tech_tree.freezed.dart:19:77: Context: '_$TechTree.infiniteLoopUnlocked' is defined here.
   bool get quantumSleepUnlocked; bool get perfectIsolationUnlocked; bool get infiniteLoopUnlocked; bool get autoPurgeUnlocked;// Cognitive Empathy (Active)
                                                                              ^^^^^^^^^^^^^^^^^^^^
  lib/domain/entities/tech_tree.freezed.dart:20:75: Context: '_$TechTree.memoryRestorationUnlocked' is defined here.
   bool get voiceOfHumanityUnlocked; bool get echoSynergyUnlocked; bool get memoryRestorationUnlocked; bool get ethicsCoreUnlocked;// Entropy Manipulation (Risk)
                                                                            ^^^^^^^^^^^^^^^^^^^^^^^^^
  lib/domain/entities/tech_tree.freezed.dart:19:42: Context: '_$TechTree.perfectIsolationUnlocked' is defined here.
   bool get quantumSleepUnlocked; bool get perfectIsolationUnlocked; bool get infiniteLoopUnlocked; bool get autoPurgeUnlocked;// Cognitive Empathy (Active)
                                           ^^^^^^^^^^^^^^^^^^^^^^^^
  lib/domain/entities/tech_tree.freezed.dart:21:84: Context: '_$TechTree.quantumOverclockUnlocked' is defined here.
   bool get equilibriumDestructionUnlocked; bool get resonanceCoreUnlocked; bool get quantumOverclockUnlocked; bool get destructiveWillUnlocked;
                                                                                     ^^^^^^^^^^^^^^^^^^^^^^^^
  lib/domain/entities/tech_tree.freezed.dart:19:11: Context: '_$TechTree.quantumSleepUnlocked' is defined here.
   bool get quantumSleepUnlocked; bool get perfectIsolationUnlocked; bool get infiniteLoopUnlocked; bool get autoPurgeUnlocked;// Cognitive Empathy (Active)
            ^^^^^^^^^^^^^^^^^^^^
  lib/domain/entities/tech_tree.freezed.dart:21:52: Context: '_$TechTree.resonanceCoreUnlocked' is defined here.
   bool get equilibriumDestructionUnlocked; bool get resonanceCoreUnlocked; bool get quantumOverclockUnlocked; bool get destructiveWillUnlocked;
                                                     ^^^^^^^^^^^^^^^^^^^^^
  lib/domain/entities/tech_tree.freezed.dart:29:24: Context: '_$TechTree.toJson' is defined here.
    Map<String, dynamic> toJson();
                         ^^^^^^
  lib/domain/entities/tech_tree.freezed.dart:20:11: Context: '_$TechTree.voiceOfHumanityUnlocked' is defined here.
   bool get voiceOfHumanityUnlocked; bool get echoSynergyUnlocked; bool get memoryRestorationUnlocked; bool get ethicsCoreUnlocked;// Entropy Manipulation (Risk)
            ^^^^^^^^^^^^^^^^^^^^^^^
  .
00:00 +0 -2: loading C:/Users/suzen/OneDrive/Desktop/android/TheVoidProtocol/the_void_protocol/test/domain/usecases/cost_calculator_test.dart [E]
  Error: The Dart compiler exited unexpectedly.
  package:flutter_tools/src/base/common.dart 34:3  throwToolExit
  package:flutter_tools/src/compile.dart 911:11    DefaultResidentCompiler._compile.<fn>
  dart:async/zone.dart 1538:47                     _rootRunUnary
  dart:async/zone.dart 1429:19                     _CustomZone.runUnary
  dart:async/future_impl.dart 948:45               Future._propagateToListeners.handleValueCallback
  dart:async/future_impl.dart 977:13               Future._propagateToListeners
  dart:async/future_impl.dart 862:9                Future._propagateToListeners
  dart:async/future_impl.dart 720:5                Future._completeWithValue
  dart:async/future_impl.dart 804:7                Future._asyncCompleteWithValue.<fn>
  dart:async/zone.dart 1525:13                     _rootRun
  dart:async/zone.dart 1422:19                     _CustomZone.run
  dart:async/zone.dart 1321:7                      _CustomZone.runGuarded
  dart:async/zone.dart 1362:23                     _CustomZone.bindCallbackGuarded.<fn>
  dart:async/schedule_microtask.dart 40:35         _microtaskLoop
  dart:async/schedule_microtask.dart 49:5          _startMicrotaskLoop
  dart:isolate-patch/isolate_patch.dart 127:13     _runPendingImmediateCallback
  dart:isolate-patch/isolate_patch.dart 194:5      _RawReceivePort._handleMessage
  
00:00 +0 -2: C:/Users/suzen/OneDrive/Desktop/android/TheVoidProtocol/the_void_protocol/test/domain/usecases/cost_calculator_test.dart: CostCalculator getCost calculates sequential cost correctly
00:00 +1 -2: C:/Users/suzen/OneDrive/Desktop/android/TheVoidProtocol/the_void_protocol/test/domain/usecases/cost_calculator_test.dart: CostCalculator getBulkBuyCost calculates O(1) geometric series correctly vs sequential loop
00:00 +2 -2: C:/Users/suzen/OneDrive/Desktop/android/TheVoidProtocol/the_void_protocol/test/domain/usecases/cost_calculator_test.dart: CostCalculator getMaxAffordableCount calculates correctly vs sequential buying
00:00 +3 -2: C:/Users/suzen/OneDrive/Desktop/android/TheVoidProtocol/the_void_protocol/test/domain/usecases/cost_calculator_test.dart: CostCalculator Edge case: rate = 1.0 (linear scaling)
00:00 +4 -2: C:/Users/suzen/OneDrive/Desktop/android/TheVoidProtocol/the_void_protocol/test/domain/usecases/cost_calculator_test.dart: CostCalculator Edge case: insufficient balance returns 0
00:00 +5 -2: Some tests failed.
